// Jest Snapshot v1, https://goo.gl/fbAQLP

exports[`should match snapshot 1`] = `
<div
  className="btn"
  data-testid="button"
>
  Test Label
</div>
`;
